// Jest Snapshot v1, https://goo.gl/fbAQLP

exports[`it renders Modal matches snapshot 1`] = `[Function]`;
